

================================================================
== Vivado HLS Report for 'digitrec'
================================================================
* Date:           Wed Oct  2 01:16:11 2024

* Version:        2019.2 (Build 2704478 on Wed Nov 06 22:10:23 MST 2019)
* Project:        digitrec.prj
* Solution:       solution1
* Product family: zynq
* Target device:  xc7z020-clg484-1


================================================================
== Performance Estimates
================================================================
+ Timing: 
    * Summary: 
    +--------+----------+----------+------------+
    |  Clock |  Target  | Estimated| Uncertainty|
    +--------+----------+----------+------------+
    |ap_clk  | 10.00 ns | 5.199 ns |   1.25 ns  |
    +--------+----------+----------+------------+

+ Latency: 
    * Summary: 
    +---------+---------+-----------+-----------+---------+---------+---------+
    |  Latency (cycles) |   Latency (absolute)  |      Interval     | Pipeline|
    |   min   |   max   |    min    |    max    |   min   |   max   |   Type  |
    +---------+---------+-----------+-----------+---------+---------+---------+
    |  1050424|  1050436| 10.504 ms | 10.504 ms |  1050424|  1050436|   none  |
    +---------+---------+-----------+-----------+---------+---------+---------+

    + Detail: 
        * Instance: 
        +---------------------+----------+---------+---------+-----------+-----------+------+------+---------+
        |                     |          |  Latency (cycles) |   Latency (absolute)  |   Interval  | Pipeline|
        |       Instance      |  Module  |   min   |   max   |    min    |    max    |  min |  max |   Type  |
        +---------------------+----------+---------+---------+-----------+-----------+------+------+---------+
        |grp_knn_vote_fu_237  |knn_vote  |     2771|     2783| 27.710 us | 27.830 us |  2771|  2783|   none  |
        +---------------------+----------+---------+---------+-----------+-----------+------+------+---------+

        * Loop: 
        +-----------------+---------+---------+----------+-----------+-----------+------+----------+
        |                 |  Latency (cycles) | Iteration|  Initiation Interval  | Trip |          |
        |    Loop Name    |   min   |   max   |  Latency |  achieved |   target  | Count| Pipelined|
        +-----------------+---------+---------+----------+-----------+-----------+------+----------+
        |- Loop 1         |       50|       50|         5|          -|          -|    10|    no    |
        | + Loop 1.1      |        3|        3|         1|          -|          -|     3|    no    |
        |- LOOP_I_1800    |  1047600|  1047600|       582|          -|          -|  1800|    no    |
        | + LOOP_J_10     |      580|      580|        58|          -|          -|    10|    no    |
        |  ++ popcount    |       49|       49|         1|          -|          -|    49|    no    |
        |  ++ search_max  |        4|        4|         2|          -|          -|     2|    no    |
        +-----------------+---------+---------+----------+-----------+-----------+------+----------+



================================================================
== Utilization Estimates
================================================================
* Summary: 
+-----------------+---------+-------+--------+-------+-----+
|       Name      | BRAM_18K| DSP48E|   FF   |  LUT  | URAM|
+-----------------+---------+-------+--------+-------+-----+
|DSP              |        -|      -|       -|      -|    -|
|Expression       |        -|      -|       0|    354|    -|
|FIFO             |        -|      -|       -|      -|    -|
|Instance         |        2|      -|     276|    898|    0|
|Memory           |       97|      -|       0|      0|    0|
|Multiplexer      |        -|      -|       -|    200|    -|
|Register         |        -|      -|     181|      -|    -|
+-----------------+---------+-------+--------+-------+-----+
|Total            |       99|      0|     457|   1452|    0|
+-----------------+---------+-------+--------+-------+-----+
|Available        |      280|    220|  106400|  53200|    0|
+-----------------+---------+-------+--------+-------+-----+
|Utilization (%)  |       35|      0|   ~0   |      2|    0|
+-----------------+---------+-------+--------+-------+-----+

+ Detail: 
    * Instance: 
    +---------------------+----------+---------+-------+-----+-----+-----+
    |       Instance      |  Module  | BRAM_18K| DSP48E|  FF | LUT | URAM|
    +---------------------+----------+---------+-------+-----+-----+-----+
    |grp_knn_vote_fu_237  |knn_vote  |        2|      0|  276|  898|    0|
    +---------------------+----------+---------+-------+-----+-----+-----+
    |Total                |          |        2|      0|  276|  898|    0|
    +---------------------+----------+---------+-------+-----+-----+-----+

    * DSP48E: 
    N/A

    * Memory: 
    +-------------------+----------------------+---------+---+----+-----+-------+-----+------+-------------+
    |       Memory      |        Module        | BRAM_18K| FF| LUT| URAM| Words | Bits| Banks| W*Bits*Banks|
    +-------------------+----------------------+---------+---+----+-----+-------+-----+------+-------------+
    |knn_set_V_U        |digitrec_knn_set_V    |        1|  0|   0|    0|     30|    6|     1|          180|
    |training_data_V_U  |digitrec_trainingdEe  |       96|  0|   0|    0|  18000|   48|     1|       864000|
    +-------------------+----------------------+---------+---+----+-----+-------+-----+------+-------------+
    |Total              |                      |       97|  0|   0|    0|  18030|   54|     2|       864180|
    +-------------------+----------------------+---------+---+----+-----+-------+-----+------+-------------+

    * FIFO: 
    N/A

    * Expression: 
    +------------------------+----------+-------+---+----+------------+------------+
    |      Variable Name     | Operation| DSP48E| FF| LUT| Bitwidth P0| Bitwidth P1|
    +------------------------+----------+-------+---+----+------------+------------+
    |add_ln321_fu_288_p2     |     +    |      0|  0|  15|           6|           6|
    |add_ln59_fu_314_p2      |     +    |      0|  0|  21|          15|          11|
    |add_ln61_fu_332_p2      |     +    |      0|  0|  21|          15|          15|
    |add_ln895_1_fu_412_p2   |     +    |      0|  0|  15|           6|           6|
    |add_ln895_2_fu_426_p2   |     +    |      0|  0|  15|           6|           6|
    |add_ln895_fu_440_p2     |     +    |      0|  0|  15|           6|           6|
    |dist_V_fu_396_p2        |     +    |      0|  0|  15|           6|           6|
    |i_3_fu_304_p2           |     +    |      0|  0|  13|          11|           1|
    |i_4_fu_379_p2           |     +    |      0|  0|  15|           6|           1|
    |i_5_fu_468_p2           |     +    |      0|  0|  10|           2|           1|
    |i_fu_248_p2             |     +    |      0|  0|  13|           4|           1|
    |j_fu_326_p2             |     +    |      0|  0|  13|           4|           1|
    |k_fu_278_p2             |     +    |      0|  0|  10|           2|           1|
    |sub_ln321_fu_266_p2     |     -    |      0|  0|  15|           6|           6|
    |sub_ln895_fu_354_p2     |     -    |      0|  0|  15|           6|           6|
    |icmp_ln51_fu_242_p2     |   icmp   |      0|  0|   9|           4|           4|
    |icmp_ln52_fu_272_p2     |   icmp   |      0|  0|   8|           2|           2|
    |icmp_ln57_fu_298_p2     |   icmp   |      0|  0|  13|          11|           9|
    |icmp_ln59_fu_320_p2     |   icmp   |      0|  0|   9|           4|           4|
    |icmp_ln895_2_fu_450_p2  |   icmp   |      0|  0|  11|           6|           6|
    |icmp_ln895_fu_474_p2    |   icmp   |      0|  0|  11|           6|           6|
    |icmp_ln89_fu_373_p2     |   icmp   |      0|  0|  11|           6|           5|
    |icmp_ln95_fu_402_p2     |   icmp   |      0|  0|   8|           2|           2|
    |select_ln96_fu_460_p3   |  select  |      0|  0|   4|           1|           4|
    |ret_V_fu_364_p2         |    xor   |      0|  0|  49|          49|          49|
    +------------------------+----------+-------+---+----+------------+------------+
    |Total                   |          |      0|  0| 354|         192|         165|
    +------------------------+----------+-------+---+----+------------+------------+

    * Multiplexer: 
    +---------------------+----+-----------+-----+-----------+
    |         Name        | LUT| Input Size| Bits| Total Bits|
    +---------------------+----+-----------+-----+-----------+
    |ap_NS_fsm            |  53|         12|    1|         12|
    |ap_return            |   9|          2|    4|          8|
    |bvh_d_index_reg_202  |   9|          2|    6|         12|
    |i4_0_reg_155         |   9|          2|   11|         22|
    |i_0_reg_133          |   9|          2|    4|          8|
    |j_0_reg_166          |   9|          2|    4|          8|
    |k_0_reg_144          |   9|          2|    2|          4|
    |knn_set_V_address0   |  27|          5|    5|         25|
    |knn_set_V_address1   |  15|          3|    5|         15|
    |knn_set_V_ce0        |  15|          3|    1|          3|
    |p_032_0_i_reg_213    |   9|          2|    4|          8|
    |p_053_0_i_reg_189    |   9|          2|    6|         12|
    |phi_mul_reg_178      |   9|          2|   15|         30|
    |val_assign_reg_225   |   9|          2|    2|          4|
    +---------------------+----+-----------+-----+-----------+
    |Total                | 200|         43|   70|        171|
    +---------------------+----+-----------+-----+-----------+

    * Register: 
    +----------------------------------+----+----+-----+-----------+
    |               Name               | FF | LUT| Bits| Const Bits|
    +----------------------------------+----+----+-----+-----------+
    |add_ln59_reg_519                  |  15|   0|   15|          0|
    |ap_CS_fsm                         |  11|   0|   11|          0|
    |ap_return_preg                    |   4|   0|    4|          0|
    |bvh_d_index_reg_202               |   6|   0|    6|          0|
    |grp_knn_vote_fu_237_ap_start_reg  |   1|   0|    1|          0|
    |i4_0_reg_155                      |  11|   0|   11|          0|
    |i_0_reg_133                       |   4|   0|    4|          0|
    |i_3_reg_509                       |  11|   0|   11|          0|
    |i_reg_488                         |   4|   0|    4|          0|
    |j_0_reg_166                       |   4|   0|    4|          0|
    |j_reg_527                         |   4|   0|    4|          0|
    |k_0_reg_144                       |   2|   0|    2|          0|
    |knn_set_V_addr_1_reg_575          |   5|   0|    5|          0|
    |p_032_0_i_reg_213                 |   4|   0|    4|          0|
    |p_053_0_i_reg_189                 |   6|   0|    6|          0|
    |phi_mul_reg_178                   |  15|   0|   15|          0|
    |ret_V_reg_544                     |  49|   0|   49|          0|
    |sub_ln321_reg_493                 |   6|   0|    6|          0|
    |sub_ln895_reg_537                 |   6|   0|    6|          0|
    |val_assign_reg_225                |   2|   0|    2|          0|
    |zext_ln59_reg_514                 |  11|   0|   15|          4|
    +----------------------------------+----+----+-----+-----------+
    |Total                             | 181|   0|  185|          4|
    +----------------------------------+----+----+-----+-----------+



================================================================
== Interface
================================================================
* Summary: 
+-----------+-----+-----+------------+--------------+--------------+
| RTL Ports | Dir | Bits|  Protocol  | Source Object|    C Type    |
+-----------+-----+-----+------------+--------------+--------------+
|ap_clk     |  in |    1| ap_ctrl_hs |   digitrec   | return value |
|ap_rst     |  in |    1| ap_ctrl_hs |   digitrec   | return value |
|ap_start   |  in |    1| ap_ctrl_hs |   digitrec   | return value |
|ap_done    | out |    1| ap_ctrl_hs |   digitrec   | return value |
|ap_idle    | out |    1| ap_ctrl_hs |   digitrec   | return value |
|ap_ready   | out |    1| ap_ctrl_hs |   digitrec   | return value |
|ap_return  | out |    4| ap_ctrl_hs |   digitrec   | return value |
|input_V    |  in |   49|   ap_none  |    input_V   |    scalar    |
+-----------+-----+-----+------------+--------------+--------------+

