

================================================================
== Vivado HLS Report for 'sort_knn'
================================================================
* Date:           Wed Oct  2 01:16:10 2024

* Version:        2019.2 (Build 2704478 on Wed Nov 06 22:10:23 MST 2019)
* Project:        digitrec.prj
* Solution:       solution1
* Product family: zynq
* Target device:  xc7z020-clg484-1


================================================================
== Performance Estimates
================================================================
+ Timing: 
    * Summary: 
    +--------+----------+----------+------------+
    |  Clock |  Target  | Estimated| Uncertainty|
    +--------+----------+----------+------------+
    |ap_clk  | 10.00 ns | 4.644 ns |   1.25 ns  |
    +--------+----------+----------+------------+

+ Latency: 
    * Summary: 
    +---------+---------+-----------+-----------+------+------+---------+
    |  Latency (cycles) |   Latency (absolute)  |   Interval  | Pipeline|
    |   min   |   max   |    min    |    max    |  min |  max |   Type  |
    +---------+---------+-----------+-----------+------+------+---------+
    |     2752|     2752| 27.520 us | 27.520 us |  2752|  2752|   none  |
    +---------+---------+-----------+-----------+------+------+---------+

    + Detail: 
        * Instance: 
        N/A

        * Loop: 
        +------------------+---------+---------+----------+-----------+-----------+------+----------+
        |                  |  Latency (cycles) | Iteration|  Initiation Interval  | Trip |          |
        |     Loop Name    |   min   |   max   |  Latency |  achieved |   target  | Count| Pipelined|
        +------------------+---------+---------+----------+-----------+-----------+------+----------+
        |- flatten_outer   |       80|       80|         8|          -|          -|    10|    no    |
        | + flatten_inner  |        6|        6|         2|          -|          -|     3|    no    |
        |- bubble_outer    |     2670|     2670|        89|          -|          -|    30|    no    |
        | + bubble_inner   |       87|       87|         3|          -|          -|    29|    no    |
        +------------------+---------+---------+----------+-----------+-----------+------+----------+



================================================================
== Utilization Estimates
================================================================
* Summary: 
+-----------------+---------+-------+--------+-------+-----+
|       Name      | BRAM_18K| DSP48E|   FF   |  LUT  | URAM|
+-----------------+---------+-------+--------+-------+-----+
|DSP              |        -|      -|       -|      -|    -|
|Expression       |        -|      -|       0|    192|    -|
|FIFO             |        -|      -|       -|      -|    -|
|Instance         |        -|      -|       -|      -|    -|
|Memory           |        -|      -|       -|      -|    -|
|Multiplexer      |        -|      -|       -|    182|    -|
|Register         |        -|      -|     150|      -|    -|
+-----------------+---------+-------+--------+-------+-----+
|Total            |        0|      0|     150|    374|    0|
+-----------------+---------+-------+--------+-------+-----+
|Available        |      280|    220|  106400|  53200|    0|
+-----------------+---------+-------+--------+-------+-----+
|Utilization (%)  |        0|      0|   ~0   |   ~0  |    0|
+-----------------+---------+-------+--------+-------+-----+

+ Detail: 
    * Instance: 
    N/A

    * DSP48E: 
    N/A

    * Memory: 
    N/A

    * FIFO: 
    N/A

    * Expression: 
    +----------------------+----------+-------+---+----+------------+------------+
    |     Variable Name    | Operation| DSP48E| FF| LUT| Bitwidth P0| Bitwidth P1|
    +----------------------+----------+-------+---+----+------------+------------+
    |add_ln321_fu_261_p2   |     +    |      0|  0|  15|           6|           6|
    |i_V_fu_190_p2         |     +    |      0|  0|  13|           4|           1|
    |i_fu_282_p2           |     +    |      0|  0|  15|           5|           1|
    |j_1_fu_294_p2         |     +    |      0|  0|  15|           5|           1|
    |j_fu_242_p2           |     +    |      0|  0|  10|           2|           1|
    |ret_V_1_fu_252_p2     |     +    |      0|  0|  44|          37|          37|
    |ret_V_fu_212_p2       |     -    |      0|  0|  15|           7|           7|
    |sub_ln321_fu_230_p2   |     -    |      0|  0|  15|           6|           6|
    |icmp_ln121_fu_236_p2  |   icmp   |      0|  0|   8|           2|           2|
    |icmp_ln129_fu_276_p2  |   icmp   |      0|  0|  11|           5|           3|
    |icmp_ln130_fu_288_p2  |   icmp   |      0|  0|  11|           5|           3|
    |icmp_ln887_fu_184_p2  |   icmp   |      0|  0|   9|           4|           4|
    |icmp_ln895_fu_310_p2  |   icmp   |      0|  0|  11|           6|           6|
    +----------------------+----------+-------+---+----+------------+------------+
    |Total                 |          |      0|  0| 192|          94|          78|
    +----------------------+----------+-------+---+----+------------+------------+

    * Multiplexer: 
    +-----------------------------+----+-----------+-----+-----------+
    |             Name            | LUT| Input Size| Bits| Total Bits|
    +-----------------------------+----+-----------+-----+-----------+
    |ap_NS_fsm                    |  44|          9|    1|          9|
    |i1_0_reg_162                 |   9|          2|    5|         10|
    |i_op_assign_reg_151          |   9|          2|    2|          4|
    |j2_0_reg_173                 |   9|          2|    5|         10|
    |sorted_distances_V_address0  |  21|          4|    5|         20|
    |sorted_distances_V_address1  |  15|          3|    5|         15|
    |sorted_distances_V_d0        |  15|          3|    6|         18|
    |sorted_labels_V_address0     |  21|          4|    5|         20|
    |sorted_labels_V_address1     |  15|          3|    5|         15|
    |sorted_labels_V_d0           |  15|          3|    4|         12|
    |t_V_reg_138                  |   9|          2|    4|          8|
    +-----------------------------+----+-----------+-----+-----------+
    |Total                        | 182|         37|   47|        141|
    +-----------------------------+----+-----------+-----+-----------+

    * Register: 
    +--------------------------------+----+----+-----+-----------+
    |              Name              | FF | LUT| Bits| Const Bits|
    +--------------------------------+----+----+-----+-----------+
    |ap_CS_fsm                       |   8|   0|    8|          0|
    |i1_0_reg_162                    |   5|   0|    5|          0|
    |i_V_reg_319                     |   4|   0|    4|          0|
    |i_op_assign_reg_151             |   2|   0|    2|          0|
    |i_reg_355                       |   5|   0|    5|          0|
    |icmp_ln895_reg_388              |   1|   0|    1|          0|
    |j2_0_reg_173                    |   5|   0|    5|          0|
    |j_1_reg_363                     |   5|   0|    5|          0|
    |j_reg_337                       |   2|   0|    2|          0|
    |lhs_V_reg_324                   |  36|   0|   37|          1|
    |ret_V_1_reg_342                 |  37|   0|   37|          0|
    |sorted_distances_V_a_1_reg_378  |   5|   0|    5|          0|
    |sorted_distances_V_a_2_reg_383  |   5|   0|    5|          0|
    |sorted_labels_V_addr_1_reg_392  |   5|   0|    5|          0|
    |sorted_labels_V_addr_2_reg_398  |   5|   0|    5|          0|
    |sub_ln321_reg_329               |   6|   0|    6|          0|
    |t_V_reg_138                     |   4|   0|    4|          0|
    |zext_ln131_1_reg_373            |   5|   0|   64|         59|
    |zext_ln131_reg_368              |   5|   0|   64|         59|
    +--------------------------------+----+----+-----+-----------+
    |Total                           | 150|   0|  269|        119|
    +--------------------------------+----+----+-----+-----------+



================================================================
== Interface
================================================================
* Summary: 
+-----------------------------+-----+-----+------------+--------------------+--------------+
|          RTL Ports          | Dir | Bits|  Protocol  |    Source Object   |    C Type    |
+-----------------------------+-----+-----+------------+--------------------+--------------+
|ap_clk                       |  in |    1| ap_ctrl_hs |      sort_knn      | return value |
|ap_rst                       |  in |    1| ap_ctrl_hs |      sort_knn      | return value |
|ap_start                     |  in |    1| ap_ctrl_hs |      sort_knn      | return value |
|ap_done                      | out |    1| ap_ctrl_hs |      sort_knn      | return value |
|ap_idle                      | out |    1| ap_ctrl_hs |      sort_knn      | return value |
|ap_ready                     | out |    1| ap_ctrl_hs |      sort_knn      | return value |
|knn_set_V_address0           | out |    5|  ap_memory |      knn_set_V     |     array    |
|knn_set_V_ce0                | out |    1|  ap_memory |      knn_set_V     |     array    |
|knn_set_V_q0                 |  in |    6|  ap_memory |      knn_set_V     |     array    |
|sorted_distances_V_address0  | out |    5|  ap_memory | sorted_distances_V |     array    |
|sorted_distances_V_ce0       | out |    1|  ap_memory | sorted_distances_V |     array    |
|sorted_distances_V_we0       | out |    1|  ap_memory | sorted_distances_V |     array    |
|sorted_distances_V_d0        | out |    6|  ap_memory | sorted_distances_V |     array    |
|sorted_distances_V_q0        |  in |    6|  ap_memory | sorted_distances_V |     array    |
|sorted_distances_V_address1  | out |    5|  ap_memory | sorted_distances_V |     array    |
|sorted_distances_V_ce1       | out |    1|  ap_memory | sorted_distances_V |     array    |
|sorted_distances_V_we1       | out |    1|  ap_memory | sorted_distances_V |     array    |
|sorted_distances_V_d1        | out |    6|  ap_memory | sorted_distances_V |     array    |
|sorted_distances_V_q1        |  in |    6|  ap_memory | sorted_distances_V |     array    |
|sorted_labels_V_address0     | out |    5|  ap_memory |   sorted_labels_V  |     array    |
|sorted_labels_V_ce0          | out |    1|  ap_memory |   sorted_labels_V  |     array    |
|sorted_labels_V_we0          | out |    1|  ap_memory |   sorted_labels_V  |     array    |
|sorted_labels_V_d0           | out |    4|  ap_memory |   sorted_labels_V  |     array    |
|sorted_labels_V_q0           |  in |    4|  ap_memory |   sorted_labels_V  |     array    |
|sorted_labels_V_address1     | out |    5|  ap_memory |   sorted_labels_V  |     array    |
|sorted_labels_V_ce1          | out |    1|  ap_memory |   sorted_labels_V  |     array    |
|sorted_labels_V_we1          | out |    1|  ap_memory |   sorted_labels_V  |     array    |
|sorted_labels_V_d1           | out |    4|  ap_memory |   sorted_labels_V  |     array    |
|sorted_labels_V_q1           |  in |    4|  ap_memory |   sorted_labels_V  |     array    |
+-----------------------------+-----+-----+------------+--------------------+--------------+

