

================================================================
== Vivado HLS Report for 'update_knn'
================================================================
* Date:           Wed Oct  2 02:45:04 2024

* Version:        2019.2 (Build 2704478 on Wed Nov 06 22:10:23 MST 2019)
* Project:        digitrec.prj
* Solution:       solution1
* Product family: zynq
* Target device:  xc7z020-clg484-1


================================================================
== Performance Estimates
================================================================
+ Timing: 
    * Summary: 
    +--------+----------+----------+------------+
    |  Clock |  Target  | Estimated| Uncertainty|
    +--------+----------+----------+------------+
    |ap_clk  | 10.00 ns | 4.968 ns |   1.25 ns  |
    +--------+----------+----------+------------+

+ Latency: 
    * Summary: 
    +---------+---------+----------+----------+-----+-----+---------+
    |  Latency (cycles) |  Latency (absolute) |  Interval | Pipeline|
    |   min   |   max   |    min   |    max   | min | max |   Type  |
    +---------+---------+----------+----------+-----+-----+---------+
    |       53|       53| 0.530 us | 0.530 us |   53|   53|   none  |
    +---------+---------+----------+----------+-----+-----+---------+

    + Detail: 
        * Instance: 
        N/A

        * Loop: 
        +--------------+---------+---------+----------+-----------+-----------+------+----------+
        |              |  Latency (cycles) | Iteration|  Initiation Interval  | Trip |          |
        |   Loop Name  |   min   |   max   |  Latency |  achieved |   target  | Count| Pipelined|
        +--------------+---------+---------+----------+-----------+-----------+------+----------+
        |- popcount    |       49|       49|         1|          -|          -|    49|    no    |
        |- search_max  |        2|        2|         1|          -|          -|     2|    no    |
        +--------------+---------+---------+----------+-----------+-----------+------+----------+



================================================================
== Utilization Estimates
================================================================
* Summary: 
+-----------------+---------+-------+--------+-------+-----+
|       Name      | BRAM_18K| DSP48E|   FF   |  LUT  | URAM|
+-----------------+---------+-------+--------+-------+-----+
|DSP              |        -|      -|       -|      -|    -|
|Expression       |        -|      -|       0|    166|    -|
|FIFO             |        -|      -|       -|      -|    -|
|Instance         |        -|      -|       0|    105|    -|
|Memory           |        -|      -|       -|      -|    -|
|Multiplexer      |        -|      -|       -|    129|    -|
|Register         |        -|      -|      88|      -|    -|
+-----------------+---------+-------+--------+-------+-----+
|Total            |        0|      0|      88|    400|    0|
+-----------------+---------+-------+--------+-------+-----+
|Available        |      280|    220|  106400|  53200|    0|
+-----------------+---------+-------+--------+-------+-----+
|Utilization (%)  |        0|      0|   ~0   |   ~0  |    0|
+-----------------+---------+-------+--------+-------+-----+

+ Detail: 
    * Instance: 
    +---------------------+------------------+---------+-------+---+----+-----+
    |       Instance      |      Module      | BRAM_18K| DSP48E| FF| LUT| URAM|
    +---------------------+------------------+---------+-------+---+----+-----+
    |dut_mux_32_6_1_1_U1  |dut_mux_32_6_1_1  |        0|      0|  0|  21|    0|
    |dut_mux_32_6_1_1_U2  |dut_mux_32_6_1_1  |        0|      0|  0|  21|    0|
    |dut_mux_42_1_1_1_U3  |dut_mux_42_1_1_1  |        0|      0|  0|  21|    0|
    |dut_mux_42_1_1_1_U4  |dut_mux_42_1_1_1  |        0|      0|  0|  21|    0|
    |dut_mux_42_1_1_1_U5  |dut_mux_42_1_1_1  |        0|      0|  0|  21|    0|
    +---------------------+------------------+---------+-------+---+----+-----+
    |Total                |                  |        0|      0|  0| 105|    0|
    +---------------------+------------------+---------+-------+---+----+-----+

    * DSP48E: 
    N/A

    * Memory: 
    N/A

    * FIFO: 
    N/A

    * Expression: 
    +--------------------------+----------+-------+---+----+------------+------------+
    |       Variable Name      | Operation| DSP48E| FF| LUT| Bitwidth P0| Bitwidth P1|
    +--------------------------+----------+-------+---+----+------------+------------+
    |dist_V_fu_215_p2          |     +    |      0|  0|  15|           6|           6|
    |i_1_fu_270_p2             |     +    |      0|  0|  10|           1|           2|
    |i_fu_198_p2               |     +    |      0|  0|  15|           6|           1|
    |icmp_ln895_1_fu_252_p2    |   icmp   |      0|  0|  11|           6|           6|
    |icmp_ln895_2_fu_227_p2    |   icmp   |      0|  0|   8|           2|           1|
    |icmp_ln895_fu_289_p2      |   icmp   |      0|  0|  11|           6|           6|
    |icmp_ln89_fu_192_p2       |   icmp   |      0|  0|  11|           6|           5|
    |icmp_ln95_fu_221_p2       |   icmp   |      0|  0|   8|           2|           2|
    |select_ln100_1_fu_345_p3  |  select  |      0|  0|   6|           1|           6|
    |select_ln100_2_fu_353_p3  |  select  |      0|  0|   6|           1|           6|
    |select_ln100_fu_337_p3    |  select  |      0|  0|   6|           1|           6|
    |select_ln895_fu_233_p3    |  select  |      0|  0|   6|           1|           6|
    |select_ln96_fu_262_p3     |  select  |      0|  0|   4|           1|           4|
    |ret_V_fu_182_p2           |    xor   |      0|  0|  49|          49|          49|
    +--------------------------+----------+-------+---+----+------------+------------+
    |Total                     |          |      0|  0| 166|          89|         106|
    +--------------------------+----------+-------+---+----+------------+------------+

    * Multiplexer: 
    +--------------------------------------+----+-----------+-----+-----------+
    |                 Name                 | LUT| Input Size| Bits| Total Bits|
    +--------------------------------------+----+-----------+-----+-----------+
    |ap_NS_fsm                             |  21|          4|    1|          4|
    |ap_phi_mux_phi_ln101_1_phi_fu_163_p4  |  15|          3|    6|         18|
    |ap_phi_mux_phi_ln101_2_phi_fu_172_p4  |  15|          3|    6|         18|
    |ap_phi_mux_phi_ln101_phi_fu_154_p4    |  15|          3|    6|         18|
    |ap_return_0                           |   9|          2|    6|         12|
    |ap_return_1                           |   9|          2|    6|         12|
    |ap_return_2                           |   9|          2|    6|         12|
    |bvh_d_index_reg_118                   |   9|          2|    6|         12|
    |min_distances_0_V_0_reg_106           |   9|          2|    6|         12|
    |p_032_0_reg_129                       |   9|          2|    4|          8|
    |val_assign_reg_140                    |   9|          2|    2|          4|
    +--------------------------------------+----+-----------+-----+-----------+
    |Total                                 | 129|         27|   55|        130|
    +--------------------------------------+----+-----------+-----+-----------+

    * Register: 
    +-----------------------------+----+----+-----+-----------+
    |             Name            | FF | LUT| Bits| Const Bits|
    +-----------------------------+----+----+-----+-----------+
    |ap_CS_fsm                    |   3|   0|    3|          0|
    |ap_return_0_preg             |   6|   0|    6|          0|
    |ap_return_1_preg             |   6|   0|    6|          0|
    |ap_return_2_preg             |   6|   0|    6|          0|
    |bvh_d_index_reg_118          |   6|   0|    6|          0|
    |min_distances_0_V_0_reg_106  |   6|   0|    6|          0|
    |p_032_0_reg_129              |   4|   0|    4|          0|
    |ret_V_reg_417                |  49|   0|   49|          0|
    |val_assign_reg_140           |   2|   0|    2|          0|
    +-----------------------------+----+----+-----+-----------+
    |Total                        |  88|   0|   88|          0|
    +-----------------------------+----+----+-----+-----------+



================================================================
== Interface
================================================================
* Summary: 
+-----------------------+-----+-----+------------+-----------------------+--------------+
|       RTL Ports       | Dir | Bits|  Protocol  |     Source Object     |    C Type    |
+-----------------------+-----+-----+------------+-----------------------+--------------+
|ap_clk                 |  in |    1| ap_ctrl_hs |       update_knn      | return value |
|ap_rst                 |  in |    1| ap_ctrl_hs |       update_knn      | return value |
|ap_start               |  in |    1| ap_ctrl_hs |       update_knn      | return value |
|ap_done                | out |    1| ap_ctrl_hs |       update_knn      | return value |
|ap_idle                | out |    1| ap_ctrl_hs |       update_knn      | return value |
|ap_ready               | out |    1| ap_ctrl_hs |       update_knn      | return value |
|ap_return_0            | out |    6| ap_ctrl_hs |       update_knn      | return value |
|ap_return_1            | out |    6| ap_ctrl_hs |       update_knn      | return value |
|ap_return_2            | out |    6| ap_ctrl_hs |       update_knn      | return value |
|test_inst_V            |  in |   49|   ap_none  |      test_inst_V      |    scalar    |
|train_inst_V           |  in |   48|   ap_none  |      train_inst_V     |    scalar    |
|min_distances_0_V_r_2  |  in |    6|   ap_none  | min_distances_0_V_r_2 |    scalar    |
|min_distances_0_V_r    |  in |    6|   ap_none  |  min_distances_0_V_r  |    scalar    |
|min_distances_1_V_r_2  |  in |    6|   ap_none  | min_distances_1_V_r_2 |    scalar    |
|min_distances_1_V_r    |  in |    6|   ap_none  |  min_distances_1_V_r  |    scalar    |
|min_distances_2_V_r_2  |  in |    6|   ap_none  | min_distances_2_V_r_2 |    scalar    |
|min_distances_2_V_r    |  in |    6|   ap_none  |  min_distances_2_V_r  |    scalar    |
+-----------------------+-----+-----+------------+-----------------------+--------------+

